// Jest Snapshot v1, https://goo.gl/fbAQLP

exports[`FavouriteComponent renders correctly 1`] = `
<div
  className="saved-item-container"
>
  <div
    className="saved-item"
  >
    <div
      className="save-image-type-container"
    >
      <img
        alt={0}
        src="https://is1-ssl.mzstatic.com/image/thumb/Video126/v4/68/0a/36/680a3626-b96c-4d04-0bd6-859ecf79299b/pr_source.jpg/100x100bb.jpg"
      />
      <p>
        movie
      </p>
    </div>
    <p
      className="save-name-item"
    >
      Harry Potter and the Sorcerer's Stone
    </p>
    <p
      className="description-item"
    >
      Description: 
      <span
        dangerouslySetInnerHTML={
          {
            "__html": "In this enchanting film adaptation of J.K. Rowling's delightful bestseller, Harry Potter learns on his 11th birthday that he is the orphaned first son of two powerful wizards and possesses magical powers of his own. At Hogwarts School of Witchcraft and Wizardry, Harry embarks on the adventure of a lifetime. He learns the high-flying sport Quidditch and plays a thrilling game with living chess pieces on his way to face a Dark Wizard bent on destroying him. For the most extraordinary adventure, see you on platform nine and three quarters!",
          }
        }
      />
    </p>
    <div
      className="save-bottom-items"
    >
      <a
        href="https://itunes.apple.com/us/movie/harry-potter-and-the-sorcerers-stone/id271469503?uo=4"
        rel="noopener noreferrer"
        target="_blank"
      >
        Link
      </a>
      <button
        onClick={[Function]}
      >
        Remove
      </button>
    </div>
  </div>
</div>
`;
